76001
76002
76003
51
1505
949
76005
76006
76007
203518
1630173
101165
76008
76009
76010
203112
76011
76012
200801
1629121
203919
149
203500
912
1628389
1629061
76015
202399
201167
1630534
200772
76016
201336
76017
201582
76018
203006
202374
76019
76020
1630583
203128
202332
200746
76021
1626146
724
2042
76022
201570
1629734
1641725
1630234
2349
1629638
76024
1628959
76028
1628960
1628386
706
1628443
202730
76027
2124
76025
951
2754
76029
200984
76030
201165
308
1747
1630631
680
732
202329
200811
76034
2365
2431
101187
76035
76036
1507
76037
944
246
202341
76040
1626147
72
76041
203937
76042
76043
98
76045
76046
201583
1000
335
76048
101149
76049
1628387
76050
1512
1630828
203507
1628961
203648
2546
1630175
21
201202
203544
1628384
2737
76053
76054
2425
1627853
76055
2240
2772
76056
76057
769
76061
2220
353
200756
76060
1642379
76059
76062
76063
76064
2306
201589
76065
1628503
201600
355
173
76068
76069
1088
76070
76071
278
201571
200788
1134
76073
76074
1630166
138
76076
1895
76078
202970
201965
1629028
101235
1628962
203569
202337
76079
76080
1628407
1630641
76081
2053
76082
1630542
1628963
1642846
1641735
76084
76083
76085
1847
1753
203946
2486
76089
1627758
452
1627735
1631116
200764
76090
1630163
1628366
76091
76092
1628964
1631094
1630217
76093
2556
76094
76095
1630625
76096
2571
76097
200826
200745
76098
76099
787
2057
76102
1631230
203084
76103
76105
76104
2440
1630567
76107
76106
76108
76109
1642964
76110
76111
76112
76113
2857
76114
1629628
2853
344
699
1003
468
600013
76117
76118
203115
101188
76119
101138
76120
1629646
1766
2370
76121
1641734
1642926
1628966
101212
2471
1499
2203
1642419
174
76123
76124
201587
1641878
76125
76126
2437
201573
76127
203382
76128
203145
1629647
76129
203078
76130
76131
2602
1627736
201563
76133
201958
1630699
76134
1133
76136
76137
76138
1641736
76139
76140
76141
201158
2294
76142
1628395
1952
2559
76143
76144
1627761
76145
76146
1627733
1886
104
1736
203461
1120
712
76151
76148
76152
128
76154
76155
76156
1642866
1631262
76157
76158
1629541
202722
76159
696
201976
1630180
1630189
76160
76161
76162
1710
76163
2740
76164
76165
1497
76166
76167
203920
1628444
76168
1449
76170
76171
1629048
1641931
202687
202357
76172
1641710
76173
1641778
76174
204028
76175
76176
76180
76177
1806
76179
201971
2581
202392
1628469
200807
76182
76183
76184
101154
302
202339
1629833
76186
76187
76188
1628417
916
1548
203505
1629129
76189
76190
76191
1631205
76192
2586
202711
203992
177
101106
1564
1629626
76195
1628413
1629716
76196
1630195
1627762
76197
76203
1641737
76198
1603
1629648
1629067
76201
41
2588
1626164
511
202344
200767
76204
1916
1522
76206
2430
2414
76207
1953
76209
76210
2547
76211
1630527
76212
76213
1628449
1630547
2257
1631123
76214
1898
1477
1763
1628968
194
76217
1085
1629065
76219
671
76221
76222
76223
1863
76224
76225
76226
202342
76227
76228
76229
202340
76233
76230
76231
76232
2214
762
1628396
1361
66
1765
76237
1882
210
1631103
76238
76239
76240
76241
76242
76243
1631128
1629649
1642886
160
2452
76245
76246
76247
201147
2249
76248
76249
200758
2056
76250
783
76252
76253
1641779
1628969
1628970
76254
1628578
76255
76256
1629052
76257
76258
76259
76260
76261
201972
1629151
76262
1627763
76263
76264
201166
1629717
1628415
76265
202705
76266
418
1631232
1641780
2810
1626148
76284
201628
1628971
359
2245
76270
244
200793
201974
2484
2081
76272
76273
1871
76275
203913
1627759
76276
2208
1631112
1641738
2198
76278
76279
203485
992
203900
1479
1629650
76277
136
753
76282
76283
76286
200769
76285
1628425
2357
76268
1630535
1629718
1630602
1628972
76287
76288
1628973
1594
1627852
1642868
1629091
76289
76290
977
95
1628418
76291
76292
76293
76294
76295
1761
76296
76297
201978
76298
146
1641723
1934
672
203493
76300
76301
76302
76303
2469
203504
76304
202692
2766
101207
76305
76306
76307
76308
76309
197
76311
675
76313
1629126
76314
416
76316
76317
202221
76318
76319
2406
202364
76320
2866
1630215
348
2446
202710
1631219
202779
1641824
201182
101115
101198
76321
76322
76323
2560
76324
203998
1629719
679
262
1631288
76326
201979
101181
154
76328
76329
203484
76331
76330
76332
76333
76334
76335
76336
1641739
76337
948
1630267
922
76338
203477
1629962
76339
203991
202382
2073
1642928
1630176
76340
76341
76342
76343
1642382
76344
76345
200760
76346
156
76348
713
1757
76350
76351
76352
1642267
201960
76353
2679
1853
76355
1642269
76356
76357
76358
76359
1628975
2466
76360
76361
1713
1628976
203487
1630618
76362
76363
1627936
76364
208
201956
1642264
1630658
76365
767
76367
1509
76368
1626161
1628505
190
1628463
76370
76
1911
76373
2763
201596
76374
76375
76376
1472
1630577
1630551
76378
1631113
2199
201163
76379
76380
364
76382
76383
76384
1629147
384
1629597
76385
76386
76387
432
2735
719
164
1629185
76391
1642279
76392
1627737
76393
76394
76395
1642353
57
1631108
202091
1626176
203902
1630528
928
1630619
1631321
76397
76398
201947
1629109
203546
1641740
1721
1629634
203903
201964
1127
1629651
2049
1642383
76402
2043
76403
1629598
1628499
1642363
76404
1642270
76406
1569
1641730
76407
76408
76409
1629599
76410
76411
715
202708
76412
934
76413
76414
76415
902
1642268
2044
76416
76418
76421
1530
2260
2215
76419
1628381
200776
1641879
1628380
1627858
201954
2555
76422
1629045
2173
306
76425
76426
76427
76428
201144
76429
55
1626192
76431
76432
101215
76433
76434
76438
2567
201161
76435
76436
76437
2241
1626188
1629076
1628429
76439
1631451
76440
1641645
204022
76442
1030
76443
76444
1630536
76441
76446
203142
76447
76448
895
76450
76451
76452
76453
76454
1627856
203955
76456
76457
1641731
1641741
76458
76459
1432
202408
202326
600003
203496
1642907
76462
76463
76464
76465
203459
1628470
1544
76466
1642384
2037
201621
202348
1628249
76468
76469
76470
2343
76471
76472
201159
76473
76474
76475
1506
76476
76477
76478
76479
180
76481
76482
203109
1630622
1629633
76483
187
1907
76487
1630595
201967
76485
203099
1061
76488
76489
940
223
76492
209
2201
201191
688
203552
201939
687
76505
1642359
76496
76497
2223
76498
956
76499
76500
1498
1630700
2845
1380
2605
76502
203584
390
1642368
76504
76506
76507
212
76509
1630268
76511
203540
921
1600
201176
76514
203561
203076
213
76515
1884
76538
76533
76516
76517
76518
76519
905
1627738
76521
202334
76522
1023
201175
76523
93
76524
76525
76526
1631098
2668
707
76528
76529
76530
76531
76520
200781
76532
1729
76534
1629056
426
76536
1453
1631120
76539
1008
76541
1626183
76542
103
201948
76543
1630620
201986
76545
692
76551
201942
76562
76544
1630466
203473
76546
143
76548
1626155
219
1627098
183
2568
1629116
960
203521
76552
76553
725
76555
2736
76556
76557
1642484
76558
76559
1629094
76560
76561
76568
1628978
1631217
1629603
1760
1627767
1628977
2564
1642885
200821
200799
1641711
2424
76563
1722
76564
76565
1630621
101143
203476
1631172
76566
76567
76569
76570
1642265
76571
76574
76575
76576
203915
101113
2205
76577
76578
124
2413
76580
1720
76581
76582
76583
76584
76586
76585
1629029
2039
76587
201595
1628416
1629652
1630245
1628422
1629653
200763
76588
76589
76590
428
201962
201604
1629635
76592
202220
76593
76594
1630288
76595
1628495
1628408
76596
201609
204054
1068
1630929
1724
76598
76599
203580
17
1041
76603
1542
76604
203083
76623
1630537
1642505
76605
404
76607
201
201162
76608
76609
76610
2768
1626251
1630561
76611
247
30
434
76615
1495
2399
76616
1627739
76617
1642346
76618
2648
201142
1631105
76619
1090
76621
76622
1628979
76624
76625
76626
202406
1642856
289
76628
768
76630
203921
1631106
76631
76632
202365
76633
76634
2569
204067
76635
76636
76637
1641744
1642845
76638
721
1630162
76646
898
1629035
2451
346
76641
229
76643
1642399
2823
1642348
1630556
236
1629053
76647
76648
76649
378
76651
458
1918
2064
76653
53
1629604
76655
1627740
201961
76656
251
76658
76664
107
1677
76661
1631165
111
1034
76663
101145
442
600010
1922
76667
2408
203954
76668
76669
76670
76671
76672
76673
76674
76676
203119
76675
76677
203898
203516
76678
201623
76679
76680
76681
1915
76682
76683
1642855
1630623
1629234
76687
967
76685
1628980
1628393
202379
2230
76686
2501
201936
1641787
101137
121
201607
203957
201963
203105
76689
76690
76691
1629605
76692
202702
76693
200770
76695
76694
1108
76696
203543
202324
201174
1642847
76697
76698
76699
994
76701
76702
76703
1627770
1626245
203467
101230
76704
101109
76705
76706
2724
1628390
201164
1628981
76707
76708
76709
273
1627812
76711
76712
198
201178
76713
202361
76714
1642271
76715
76716
714
76717
1627827
900
965
1630238
76720
76719
2033
1642843
1641745
76721
76722
76723
1642853
313
2784
76725
1642280
76726
201938
1630201
76727
76728
76729
76731
1631323
1627854
201814
76732
2228
76733
76734
76735
1630259
76736
726
2551
76738
76739
1630235
2218
202622
1504
76740
323
1902
76742
2238
203095
76744
76745
1762
1628368
76746
76747
296
200751
1502
2499
1883
76748
76749
203479
204025
76750
76751
1626187
1628982
76752
202690
76753
202683
200777
76754
1642402
76755
76756
1631241
76757
76758
76759
76760
101112
76761
76762
1641788
76763
76764
957
76765
1628365
1444
1641847
76767
1642277
76768
1629117
2429
202070
1629655
76769
76770
2558
202178
76771
76772
76773
201568
1641945
204038
76774
333
76776
200816
2682
101128
76778
1642066
201242
76779
76780
1627868
1629636
76781
76782
76783
1612
76785
708
1628656
76786
1051
203197
76788
1630585
76789
76790
76791
1619
1727
1630586
76793
1630568
201188
2200
76794
423
930
200752
76797
1845
1627771
1002
202087
761
101153
1904
76800
1641718
1642273
202331
76801
1627875
76802
76803
76804
76805
76806
76807
200789
76808
1626780
76809
76810
201959
76811
201592
1630581
1628385
1628983
1630264
2109
383
76812
1631221
1630273
76813
288
76815
600014
76817
76818
1631367
1938
1921
76819
202148
76820
76821
76822
76823
76824
76825
1901
76826
203497
76827
76828
76829
1642884
924
101155
76830
76831
1642864
2400
76832
1864
203462
1629164
1630692
76833
203932
2732
201569
76834
76835
101162
1641789
76836
202726
76837
76838
76839
1628984
37
101121
76843
76841
76842
101211
1626203
76844
97
101122
76847
258
76850
202
285
265
270
203924
1626170
76852
1514
76853
1629055
76854
76855
201189
1516
76859
1627982
76860
1630564
76861
76862
76863
81
76865
920
1631260
201980
203110
203475
101123
203210
1630224
1629750
201145
76867
1630182
76868
76869
600011
1036
76872
76873
76874
76875
76877
76876
76878
201192
76879
2584
201590
101158
76880
76881
76882
2696
76883
76884
76885
76886
76887
1631100
1559
201933
2204
76888
76889
201981
76890
76891
1629656
76893
76894
76895
76896
76897
101219
76899
76900
76901
1629741
76902
1631338
1631243
339
76903
76904
76905
76906
76907
76908
76909
203268
1629657
2062
2775
1629060
76910
201632
76911
76912
76913
1630204
76914
76915
76916
76917
201612
203798
2409
76918
76919
76920
917
1630169
76922
1628985
1629743
1630221
200837
1641790
76923
1032
984
76925
1627772
76926
202706
203120
76927
1888
76928
76929
2347
676
1985
903
67
1627773
1630181
241
1052
76935
76936
76937
76938
76939
203162
201946
76942
76940
76941
2580
1682
76944
202376
358
896
203501
201935
76945
76946
76947
1630702
76948
76949
1641989
203090
76950
76951
76952
157
1642844
1629607
202712
76954
166
1631199
1723
1626149
202725
2492
1733
2454
970
76956
76957
76959
76958
2734
203914
203925
1630284
446
202412
200839
76960
202227
202699
76961
1626151
1626150
76962
2758
1627885
2078
1628404
1628392
176
2051
202238
321
76965
2617
2239
76967
76966
76968
2213
76969
1630573
76970
201150
76971
76972
765
1641722
1038
76974
1138
76975
76977
76978
101236
76979
2553
1629637
1630165
76980
1628502
202330
202351
2217
76981
76982
76983
101129
1049
76984
76985
203687
76986
76987
76988
76989
673
1538
76990
76991
76993
201945
1764
76992
76994
1630703
76996
1641707
971
76998
76999
77000
77004
77001
77002
1627988
77003
202333
203089
1667
1642935
77006
77007
1629608
1627823
1626195
1914
61
200835
1629639
77010
77011
1628987
77012
77013
77014
77015
1626209
201579
77016
1628439
77017
201581
1627741
202809
1848
77019
925
77021
77022
1629312
77023
77024
77025
77026
201588
255
201195
201941
1630792
203524
238
77027
1626199
77028
77029
2550
77030
1630207
77031
77032
1629658
1106
101125
77034
77035
77036
77037
77038
697
77039
2450
1628988
201950
203200
77040
77041
204066
77042
1641842
77043
200797
77044
1626178
1626158
1641747
1631096
77045
77046
77047
77048
77049
77050
1630258
1532
202715
1967
203918
1641720
77051
77052
77053
77054
203816
77055
77056
201143
77057
77058
204
109
77060
1629659
77061
77062
2067
1627863
1631216
275
780
77064
77065
2730
77066
1641724
2572
436
1630210
77067
77069
1128
1629739
77070
77072
77071
1631309
201991
77074
1607
1626273
1628989
203962
1630643
1572
77076
77077
1630190
77078
1716
1630574
203133
77080
2415
1629353
77081
2743
77082
1630624
2599
77083
201805
1629631
77084
283
201629
1626154
2212
1643047
310
77086
1630562
77087
77088
77089
1628990
77090
77091
1630538
77092
201586
1642345
2738
980
101148
101141
77093
77094
204060
203996
201281
1627742
1631127
77095
77096
202681
1628371
77097
77098
947
1631093
2767
1628411
101127
1628935
77099
1517
202132
201616
1627743
1628402
1641713
77101
1630543
1114
1983
754
1628367
1628382
77103
2739
1531
349
77104
77105
77106
1631245
77107
1872
202704
77109
1536
77100
77110
77111
1641748
1628991
1631218
77112
2418
1734
1642857
77114
77115
203108
1642355
202345
77116
1080
1744
2544
2229
1628455
1642883
1906
1712
1942
77120
77122
1631170
2060
77123
1630610
101180
201605
77125
77126
2423
201785
2744
1628518
203928
200971
2210
1629610
2407
1641998
202724
1642450
2798
203098
201943
24
1137
77129
201973
1629660
201998
203511
200817
1630198
2639
1642358
200792
1628993
101161
77131
1533
202356
77132
422
1629168
1627744
77130
1629661
77133
202419
203187
77135
77136
1626177
683
77138
77139
1630525
77141
2035
698
77144
77145
911
77146
77147
77148
77149
77150
77151
201274
202707
1630552
201949
2207
77152
77153
1629640
2256
77154
1630553
1642352
134
1641749
913
77156
77158
2669
77159
77142
77160
77168
77161
203910
77162
203111
77163
77164
77165
1626169
77166
77134
1642848
201234
204020
77167
202325
77170
77169
77171
203999
77172
2264
77173
77174
77180
77193
200784
77175
1630637
279
77178
1869
1641732
1642938
2563
1627745
1800
203199
1641794
202346
963
101204
77182
77183
224
77184
2410
1630529
1642403
77185
1627883
2592
1629203
77186
77187
1908
77188
1630539
1642880
203158
77200
77189
2891
1630222
77195
77191
461
77192
77194
77196
2652
200780
1642461
77197
203093
1630200
1626145
77198
77199
77201
77202
77203
1642357
203103
1627884
1817
201599
77205
202366
893
674
77208
77209
77210
77211
77212
77213
202709
203126
77214
1631107
77215
1630548
1629662
77217
77218
77219
1641750
2549
1626163
77221
2574
77222
203508
201207
77223
77225
2435
77226
77227
201619
77228
1642530
77229
77230
77231
228
77233
1631211
77234
1630283
77235
77236
77237
1642939
203527
77238
77239
77240
431
1118
77242
1628379
202810
77243
77244
77245
77246
77247
1801
77248
70
77249
760
77251
1631117
1930
1630296
705
2751
467
77254
203077
77255
77256
77257
77258
203930
77259
77260
77261
77262
77263
77264
12
77266
701
77268
1628994
1562
77270
728
1629663
77272
77273
1101
351
77276
77277
200814
1905
77278
1630557
77279
77280
1123
954
1628467
170
101132
77283
1641752
77284
77285
1642261
77290
77287
202688
1510
1630233
1861
77288
77289
969
77291
77292
77293
1628995
1642851
77294
77295
1642278
1631132
77296
77297
402
1629723
77299
77300
1627788
77301
1628436
101117
2594
77302
77303
77304
201585
77305
77306
77307
77308
77309
77310
203139
77311
1630249
77312
77313
77314
2420
1474
77316
77317
77318
