id,full_name,error
1630555,Joel Ayayi,KeyError:resultSet
1858,Mark Baker,KeyError:resultSet
1627760,Cat Barber,KeyError:resultSet
1628238,Paris Bass,KeyError:resultSet
203968,Jerrelle Benimon,KeyError:resultSet
202728,Keith Benson,KeyError:resultSet
1627791,Ben Bentil,KeyError:resultSet
204021,Sim Bhullar,KeyError:resultSet
2800,Tony Bobbitt,KeyError:resultSet
1121,Dexter Boney,KeyError:resultSet
200841,Cedric Bozeman,KeyError:resultSet
1920,A.J. Bramlett,KeyError:resultSet
1629714,Jarrell Brantley,KeyError:resultSet
1628515,Isaiah Briscoe,KeyError:resultSet
1631167,Izaiah Brockington,KeyError:resultSet
1629783,Shaq Buchanan,KeyError:resultSet
2367,Geno Carlisle,KeyError:resultSet
1131,Jimmy Carruth,KeyError:resultSet
1629958,Ahmad Caver,KeyError:resultSet
1630608,Malcolm Cazalon,KeyError:resultSet
203805,Will Cherry,KeyError:resultSet
203565,Patrick Christopher,KeyError:resultSet
1626262,Coty Clarke,KeyError:resultSet
1628492,Gian Clavell,KeyError:resultSet
202395,Sherron Collins,KeyError:resultSet
1628435,Chance Comanche,KeyError:resultSet
1627822,Petr Cornelie,KeyError:resultSet
1526,James Cotton,KeyError:resultSet
1642385,Cui Cui,KeyError:resultSet
1629600,Jarron Cumberland,KeyError:resultSet
989,Ben Davis,KeyError:resultSet
1629093,Tyler Davis,KeyError:resultSet
203958,Andre Dawkins,KeyError:resultSet
201286,Eric Dawson,KeyError:resultSet
1629602,Javin DeLaurier,KeyError:resultSet
1626214,Bryce Dejean-Jones,KeyError:resultSet
1641926,Dexter Dennis,KeyError:resultSet
202458,Justin Dentmon,KeyError:resultSet
2079,Kaniel Dickens,KeyError:resultSet
1059,Aleksandar Djordjevic,KeyError:resultSet
1630693,Jaime Echenique,KeyError:resultSet
1630306,Rob Edwards,KeyError:resultSet
202197,Shane Edwards,KeyError:resultSet
2765,Andre Emmett,KeyError:resultSet
2824,Desmon Farmer,KeyError:resultSet
2809,Gerald Fitch,KeyError:resultSet
1829,Ike Fontaine,KeyError:resultSet
202880,Jeff Foote,KeyError:resultSet
1630758,Aleem Ford,KeyError:resultSet
101213,Sharrod Ford,KeyError:resultSet
1630701,Michael Foster Jr.,KeyError:resultSet
1629606,Robert Franks,KeyError:resultSet
2782,Matt Freije,KeyError:resultSet
2673,Hiram Fuller,KeyError:resultSet
101184,Deng Gai,KeyError:resultSet
2092,Ruben Garces,KeyError:resultSet
1831,Marlon Garnett,KeyError:resultSet
1629232,Kaiser Gates,KeyError:resultSet
201821,Trey Gilder,KeyError:resultSet
2601,Andreas Glyniadakis,KeyError:resultSet
204079,Drew Gordon,KeyError:resultSet
1629755,Hassani Gravett,KeyError:resultSet
1070,Devin Gray,KeyError:resultSet
1026,Evric Gray,KeyError:resultSet
101209,Devin Green,KeyError:resultSet
1575,Derek Grimm,KeyError:resultSet
1631160,Jordan Hall,KeyError:resultSet
1629788,Tyler Hall,KeyError:resultSet
1628605,Dusty Hannahs,KeyError:resultSet
203548,Elias Harris,KeyError:resultSet
1630223,Jalen Harris,KeyError:resultSet
1630565,Aaron Henry,KeyError:resultSet
201631,Steven Hill,KeyError:resultSet
200823,Robert Hite,KeyError:resultSet
202359,Darington Hobson,KeyError:resultSet
1641793,D'Moi Hodge,KeyError:resultSet
202862,Dennis Horner,KeyError:resultSet
1965,Rick Hughes,KeyError:resultSet
1626205,Vincent Hunter,KeyError:resultSet
203510,Pierre Jackson,KeyError:resultSet
1629713,Justin James,KeyError:resultSet
201291,Carldell Johnson,KeyError:resultSet
1746,DeMarco Johnson,KeyError:resultSet
204179,Omari Johnson,KeyError:resultSet
203130,Darius Johnson-Odom,KeyError:resultSet
90000,Mark Jones,KeyError:resultSet
2123,Garth Joseph,KeyError:resultSet
1630686,Georgios Kalaitzakis,KeyError:resultSet
1629742,Stanton Kidd,KeyError:resultSet
203945,Alex Kirk,KeyError:resultSet
2688,Brandin Knight,KeyError:resultSet
2825,Ibrahim Kutluay,KeyError:resultSet
202068,Marcus Landry,KeyError:resultSet
2591,James Lang,KeyError:resultSet
101247,Keith Langford,KeyError:resultSet
1627879,Nicolas Laprovittola,KeyError:resultSet
1629155,Zach Lofton,KeyError:resultSet
1630266,Will Magnay,KeyError:resultSet
200970,Renaldo Major,KeyError:resultSet
1630211,Karim Mane,KeyError:resultSet
1629751,Dakota Mathias,KeyError:resultSet
1628769,Tahjere McCall,KeyError:resultSet
200840,Chris McCray,KeyError:resultSet
1075,Michael McDonald,KeyError:resultSet
200829,Ivan McFarlin,KeyError:resultSet
1630787,Cameron McGriff,KeyError:resultSet
203590,Trey McKinney-Jones,KeyError:resultSet
1630605,JaQuori McLaughlin,KeyError:resultSet
1641877,Nathan Mensah,KeyError:resultSet
1628450,Eric Mika,KeyError:resultSet
101223,Aaron Miles,KeyError:resultSet
1954,Jason Miskiri,KeyError:resultSet
203183,Tony Mitchell,KeyError:resultSet
2752,Sergei Monia,KeyError:resultSet
1630278,Ade Murkey,KeyError:resultSet
101238,Boniface Ndong,KeyError:resultSet
1129,Ruben Nembhard,KeyError:resultSet
1629005,Malik Newman,KeyError:resultSet
1093,Gaylon Nickerson,KeyError:resultSet
999,Jeff Nordgaard,KeyError:resultSet
1629668,Zach Norvell Jr.,KeyError:resultSet
1641806,Markquis Nowell,KeyError:resultSet
1626266,JJ O'Brien,KeyError:resultSet
1628419,Cameron Oliver,KeyError:resultSet
1629873,Jaysean Paige,KeyError:resultSet
1629309,Trayvon Palmer,KeyError:resultSet
1630698,Kevin Pangos,KeyError:resultSet
1950,Andy Panko,KeyError:resultSet
2130,Mike Penberthy,KeyError:resultSet
2667,Desmond Penigar,KeyError:resultSet
2632,Kirk Penney,KeyError:resultSet
1641970,Maozinha Pereira,KeyError:resultSet
1628506,London Perrantes,KeyError:resultSet
1630196,Filip Petrusev,KeyError:resultSet
200838,Kevinn Pinkney,KeyError:resultSet
2750,Pavel Podkolzin,KeyError:resultSet
1629044,Shamorie Ponds,KeyError:resultSet
101232,Roger Powell,KeyError:resultSet
1626643,Jacob Pullen,KeyError:resultSet
1893,Aleksandar Radojevic,KeyError:resultSet
2762,Peter John Ramos,KeyError:resultSet
1628504,Xavier Rathan-Mayes,KeyError:resultSet
202385,Ryan Reid,KeyError:resultSet
720,Terrence Rencher,KeyError:resultSet
2541,Antoine Rigaudeau,KeyError:resultSet
2121,Terrance Roberson,KeyError:resultSet
1926,Ryan Robertson,KeyError:resultSet
1554,Jamal Robinson,KeyError:resultSet
1629620,Justin Robinson,KeyError:resultSet
2684,Melvin Sanders,KeyError:resultSet
2637,Alex Scales,KeyError:resultSet
1578,Shea Seals,KeyError:resultSet
1852,Jeff Sheppard,KeyError:resultSet
1626296,Jordan Sibert,KeyError:resultSet
1630285,Zavier Simpson,KeyError:resultSet
1591,Alvin Sims,KeyError:resultSet
201235,Courtney Sims,KeyError:resultSet
1631376,Dmytro Skapintsev,KeyError:resultSet
203147,Chris Smith,KeyError:resultSet
202536,Jerry Smith,KeyError:resultSet
200848,Steven Smith,KeyError:resultSet
1099,Matt Steigenga,KeyError:resultSet
203474,DJ Stephens,KeyError:resultSet
1086,Joe Stephens,KeyError:resultSet
1627293,Alex Stepheson,KeyError:resultSet
1055,Ed Stokes,KeyError:resultSet
1628591,Craig Sword,KeyError:resultSet
1626208,Keifer Sykes,KeyError:resultSet
2657,Yuta Tabuse,KeyError:resultSet
1629150,Emanuel Terry,KeyError:resultSet
1630257,Jon Teske,KeyError:resultSet
2839,James Thomas,KeyError:resultSet
101159,Dijon Thompson,KeyError:resultSet
202814,Mychel Thompson,KeyError:resultSet
1627861,Mike Tobey,KeyError:resultSet
1943,Wayne Turner,KeyError:resultSet
202775,Edwin Ubiles,KeyError:resultSet
2582,Slavko Vranes,KeyError:resultSet
1630640,MJ Walker,KeyError:resultSet
101190,Matt Walsh,KeyError:resultSet
1627866,Jameel Warney,KeyError:resultSet
200827,Darius Washington,KeyError:resultSet
204033,David Wear,KeyError:resultSet
101156,Robert Whaley,KeyError:resultSet
1755,Tyson Wheeler,KeyError:resultSet
1126,Donald Whiteside,KeyError:resultSet
204222,Greg Whittington,KeyError:resultSet
1628451,Jacob Wiley,KeyError:resultSet
1585,Brandon Williams,KeyError:resultSet
1628475,Matt Williams Jr.,KeyError:resultSet
2000,Dedric Willoughby,KeyError:resultSet
203966,Jamil Wilson,KeyError:resultSet
1868,Trevor Winter,KeyError:resultSet
203203,Chris Wright,KeyError:resultSet
1748,Korleone Young,KeyError:resultSet
202545,Luke Zeller,KeyError:resultSet
2583,Derrick Zimmerman,KeyError:resultSet
1629152,DeVaughn Akoon-Purcell,KeyError:resultSet
1641851,Timmy Allen,KeyError:resultSet
1824,Peter Aluma,KeyError:resultSet
202079,Antonio Anderson,KeyError:resultSet
203951,Keith Appling,KeyError:resultSet
