1630555
1858
1627760
1628238
203968
202728
1627791
204021
2800
1121
200841
1920
1629714
1628515
1631167
1629783
2367
1131
1629958
1630608
203805
203565
1626262
1628492
202395
1628435
1627822
1526
1642385
1629600
989
1629093
203958
201286
1629602
1626214
1641926
202458
2079
1059
1630693
1630306
202197
2765
2824
2809
1829
202880
1630758
101213
1630701
1629606
2782
2673
101184
2092
1831
1629232
201821
2601
204079
1629755
1070
1026
101209
1575
1631160
1629788
1628605
203548
1630223
1630565
201631
200823
202359
1641793
202862
1965
1626205
203510
1629713
201291
1746
204179
203130
90000
2123
1630686
1629742
203945
2688
2825
202068
2591
101247
1627879
1629155
1630266
200970
1630211
1629751
1628769
200840
1075
200829
1630787
203590
1630605
1641877
1628450
101223
1954
203183
2752
1630278
101238
1129
1629005
1093
999
1629668
1641806
1626266
1628419
1629873
1629309
1630698
1950
2130
2667
2632
1641970
1628506
1630196
200838
2750
1629044
101232
1626643
1893
2762
1628504
202385
720
2541
2121
1926
1554
1629620
2684
2637
1578
1852
1626296
1630285
1591
201235
1631376
203147
202536
200848
1099
203474
1086
1627293
1055
1628591
1626208
2657
1629150
1630257
2839
101159
202814
1627861
1943
202775
2582
1630640
101190
1627866
200827
204033
101156
1755
1126
204222
1628451
1585
1628475
2000
203966
1868
203203
1748
202545
2583
1629152
1641851
1824
202079
203951
